slot
O O B-name I-name I-name
O O O B-name I-name I-name I-name
B-name I-name I-name
O O O B-name I-name I-name
O O O B-name I-name I-name
B-name I-name I-name I-name
O O O B-name I-name I-name
O O B-name I-name I-name
B-name I-name I-name
B-name I-name I-name
B-name I-name I-name
B-name I-name I-name
O O O B-name I-name I-name
O O O B-name I-name I-name I-name
O O B-name I-name I-name I-name
O O B-name I-name I-name I-name
O O O B-name I-name I-name
B-name I-name I-name
O O B-name I-name I-name
O O O B-name I-name I-name I-name
O O O B-name I-name I-name I-name
O O B-name I-name I-name
B-name I-name I-name I-name
O O B-name I-name I-name I-name
O O B-name I-name I-name
O O B-name I-name I-name
B-name I-name I-name I-name
O O O B-name I-name I-name
B-name I-name I-name
O O O B-name I-name I-name
O O O B-name I-name I-name I-name
O O O B-name I-name I-name I-name
B-name I-name I-name I-name
O O B-name I-name I-name I-name
O O B-name I-name I-name
O O B-name I-name I-name
O O B-name I-name I-name I-name
O O O B-name I-name I-name
B-name I-name I-name I-name
O O O B-name I-name I-name I-name
O O O B-name I-name I-name
B-name I-name I-name I-name
O O O B-name I-name I-name
B-name I-name I-name
B-name I-name I-name I-name
O O O B-name I-name I-name I-name
O O O B-name I-name I-name I-name
O O O B-name I-name I-name
O O O B-name I-name I-name I-name
B-name I-name I-name
O O B-name I-name I-name
B-name I-name I-name I-name
B-name I-name I-name
O O B-name I-name I-name
O O O O O O O O B-name I-name I-name
O O O O O B-name I-name I-name
O O O O O O O B-name I-name I-name
O O O O O O O O B-name I-name I-name
O O O O O O O B-name I-name I-name
O O O O O O B-name I-name I-name I-name
O O O O O O O B-name I-name I-name I-name
O O O O O O B-name I-name I-name I-name
O O O O O O O B-name I-name I-name I-name
O O O O O O O B-name I-name
O O O O O O O O B-name I-name I-name I-name
O O O O O O B-name I-name I-name
O O O B-name I-name I-name
O O O O O B-name I-name I-name
O O O O O B-name I-name I-name
O O O O O B-name I-name I-name I-name
O O O B-name I-name I-name I-name
O O O O O O O B-name I-name I-name
O O O O O O B-name I-name I-name
O O O O O O O B-name I-name I-name I-name
O O O O O O O O B-name I-name I-name I-name
O O O O O O O B-name I-name I-name I-name
O O O O O O B-name I-name I-name I-name
O O O B-name I-name I-name I-name
O O O B-name I-name I-name
O O O O O O O O B-name I-name I-name I-name
O O O O O O O B-name I-name I-name
O O O O O O O O B-name I-name I-name
O O O O O O O B-name I-name I-name I-name
O O O B-name I-name I-name
O O O O O B-name I-name I-name I-name
O O O O O O O O B-name I-name I-name I-name
O O O O O O O B-name I-name I-name
O O O O O O B-name I-name I-name I-name
O O O O O O B-name I-name I-name I-name
O O O O O O B-name I-name I-name
O O O O O B-name I-name I-name
O O O O O B-name I-name I-name
O O O O O O B-name I-name I-name
O O O O O O O B-name I-name I-name
O O O O O O O B-name I-name I-name I-name
O O O O O O O O B-name I-name I-name
O O O O O O O B-name I-name I-name
O O O O O B-name I-name I-name I-name
O O O O O O O B-name I-name I-name
O O O O O B-name I-name I-name I-name
O O O O O O B-name I-name I-name
O O O O O O B-name I-name I-name
O O O O O O B-name I-name I-name
O O O O O O O B-name I-name I-name I-name
O O O O O O B-name I-name I-name I-name
O O O O O O O B-name I-name I-name
O O O O O O B-name I-name I-name
O O O O O B-name I-name I-name
O O O O O O B-name I-name I-name
O O O O O O O B-name I-name
O O O O O O B-name I-name I-name I-name
O O O O O O B-name I-name I-name I-name
O O O O O O B-name I-name I-name I-name
O O O B-name I-name I-name I-name
O O O B-name I-name I-name
O O O O O O B-name I-name I-name
O O O O O O B-name I-name I-name
O O O O O O O B-name I-name I-name I-name
O O O B-name I-name I-name I-name
O O O O O O B-name I-name I-name I-name
O O O B-name I-name I-name
O O O B-name I-name I-name
O O O O O O O B-name I-name I-name
O O O O O O O O B-name I-name I-name
O O O O O O O B-name I-name I-name I-name
O O O B-name I-name
O O O O O O B-name I-name I-name
O O O B-name I-name I-name I-name
O O O O O O B-name I-name I-name I-name
O O O O O B-name I-name I-name I-name
O O O O O O O O B-name I-name I-name
O O O O O O B-name I-name I-name
O O O O O O O B-name I-name I-name I-name
O O O O O O O B-name I-name I-name
O O O B-name I-name I-name
O O O O O O B-name I-name I-name
O O O B-name I-name I-name I-name
O O O O O O O B-name I-name I-name
O O O O O O O B-name I-name I-name
O O O O O O O B-name I-name I-name
O O O O O B-name I-name I-name
O O O O O B-name I-name I-name
O O O O O O O B-name I-name I-name
O O O B-name I-name I-name
O O O O O O O O B-name I-name I-name I-name
O O O O O O O O B-name I-name I-name
O O O O O O O B-name I-name I-name
O O O O O B-name I-name I-name
O O O B-name I-name I-name I-name
O O O O O O O O B-name I-name I-name
O O O O O O O B-name I-name I-name I-name
O O O O O O O O B-name I-name I-name
O O O O O O O B-name I-name I-name I-name
O O O O O O B-name I-name I-name I-name
O O O O O O B-name I-name I-name
O O O O O O O O B-name I-name I-name I-name
O O O O O O O B-name I-name I-name I-name
O O O O O O O B-name I-name I-name I-name
O O O O O O O B-name I-name I-name
O O O B-name I-name I-name I-name
O O O O O O O B-name I-name I-name
O O O O O B-name I-name I-name I-name
O O O O O B-name I-name I-name
O O O O O O B-name I-name I-name
O O O O O B-name I-name I-name
O O O O O O O B-name I-name I-name I-name
O O O O O O O B-name I-name I-name
O O O O O O O B-name I-name I-name
O O O O O O O B-name I-name I-name I-name
O O O O O O O B-name I-name I-name
O O O O O O O B-name I-name I-name
O O O O O O B-name I-name I-name I-name
O O O O O B-name I-name I-name
O O O O O O B-name I-name I-name
O O O O O O O B-name I-name I-name I-name
O O O O O O B-name I-name I-name
O O O O O O O B-name I-name I-name
O O O O O O O B-name I-name I-name
O O O O O O O O B-name I-name I-name
O O O O O O O O B-name I-name I-name
O O B-destination I-destination I-destination O O O O
O O B-destination I-destination I-destination I-destination
O O O B-destination I-destination I-destination O
B-destination I-destination O O O O
O O B-destination I-destination O O O O
O O B-destination I-destination I-destination O O O O
O O O B-destination I-destination I-destination I-destination O O
O O O B-destination I-destination O O
O O B-destination I-destination I-destination I-destination O O O O
O O B-destination I-destination I-destination
O O O B-destination I-destination I-destination I-destination O
O B-destination I-destination O O
O B-destination I-destination I-destination O O
O B-destination O O O O O O O
O O B-destination I-destination I-destination O O O O
O O O B-destination I-destination O
O B-destination I-destination I-destination O O
O O B-destination I-destination
O O O B-destination I-destination I-destination O
O O B-destination I-destination
O O O O B-destination I-destination O
O O O O B-destination I-destination I-destination O
O O O B-destination I-destination I-destination O
O O O B-destination I-destination I-destination O O
O B-destination I-destination O O
O O O O B-destination I-destination O
O O B-destination I-destination
O B-destination I-destination O O
O O B-destination I-destination O O O O
O O O B-destination I-destination I-destination I-destination I-destination O O
O O O B-destination I-destination O
O O O B-destination I-destination I-destination I-destination O
O O B-destination I-destination O O O O
O B-destination I-destination I-destination O O
O B-destination I-destination O O
O B-destination I-destination O O
O B-destination I-destination O O O O O O O
O O O B-destination I-destination I-destination O O
O O B-destination I-destination I-destination O O O O
O B-destination I-destination O O O O O O O
O B-destination I-destination O O O O O O O
B-destination I-destination I-destination I-destination O O O O
O O O B-destination O O
O O O O O O O B-destination I-destination I-destination
O O O O O O O B-destination I-destination I-destination
O O O O O O O B-destination I-destination
O O O B-destination I-destination O
O O O O B-destination I-destination O
O O O B-destination O
O B-destination I-destination I-destination O O
O B-destination I-destination O O
O O B-destination I-destination O O O O
O O O B-destination I-destination I-destination O
B-destination I-destination I-destination O O O O
O O B-destination I-destination I-destination I-destination I-destination O O O O
O B-destination I-destination I-destination O O
O B-destination I-destination O O
O B-destination I-destination O O
O O O O B-destination I-destination I-destination O
O O O O B-destination I-destination O
O O B-destination I-destination I-destination I-destination O O O O
O B-destination O O
O O O O B-destination I-destination O
O O B-destination I-destination
O O O O B-destination I-destination O
O O O B-destination I-destination O O
O B-destination I-destination I-destination I-destination I-destination I-destination O O O O O O O
O O B-destination I-destination O O O O
O O O O O O O B-destination I-destination
O B-destination I-destination I-destination O O
O O O O B-destination I-destination O
O B-destination I-destination I-destination O O O O O O O
O B-destination O O O O O O O
O O B-destination I-destination I-destination O O O O
O O O O B-destination I-destination O
O B-destination I-destination O O
O O O O O O O B-destination I-destination
O O B-destination I-destination I-destination O O O O
O O O B-destination I-destination O O
O B-destination I-destination I-destination O O
O O O O O O O B-destination I-destination
O B-destination I-destination O O
O O B-destination I-destination I-destination
O O O B-destination I-destination O O
B-destination I-destination O O O O
B-destination I-destination O O O O
O O O B-destination I-destination O
O O B-destination I-destination O O O O
B-destination I-destination I-destination O O O O
O O B-destination I-destination I-destination O O O O
O O B-destination I-destination
O O O O O O O B-destination I-destination
O B-destination I-destination I-destination O O O O O O O
O O B-destination I-destination I-destination O O O O
O O O B-destination I-destination O
O B-destination I-destination I-destination O O
O B-destination I-destination O O
O O B-destination I-destination I-destination O O O O
O O B-destination I-destination I-destination O O O O
O O O O O O O B-destination I-destination I-destination I-destination I-destination
O O O B-destination I-destination O O
O B-destination I-destination O O
O B-destination O O
O O B-destination I-destination O O O O
O O O B-destination I-destination O
O O B-destination I-destination I-destination O O O O
O O O B-destination I-destination I-destination I-destination O O
O B-destination I-destination O O
O O B-destination I-destination I-destination I-destination
O O O B-destination I-destination O O
O B-destination I-destination O O
O O O O O O O B-destination I-destination I-destination
O B-destination I-destination O O
O B-destination I-destination I-destination O O
B-destination I-destination O O O O
O O O O B-destination I-destination I-destination O
O O O O B-destination I-destination I-destination O
O B-destination I-destination O O
O O O O O O O B-destination I-destination
O O O O O O O B-destination I-destination I-destination
O O B-destination O O O O
O B-destination O O
O O B-destination I-destination I-destination
O O O O O O O B-destination I-destination I-destination
O B-destination I-destination I-destination O O
O O B-destination I-destination O O O O
O O O B-destination I-destination O O
O O O O B-destination I-destination I-destination I-destination I-destination O
O O B-destination I-destination I-destination O O O O
O B-destination I-destination O O O O O O O
B-destination I-destination I-destination O O O O
O B-destination I-destination O O
O O B-destination I-destination O O O O
O B-destination O O
O O B-destination I-destination I-destination O O O O
O O O B-destination I-destination I-destination O
O O B-destination I-destination I-destination O O O O
O B-destination I-destination O O
O O O O B-destination I-destination O
O O B-destination I-destination O O O O
B-destination I-destination I-destination O O O O
O B-destination I-destination I-destination O O
B-destination I-destination O O O O
O O O O B-destination I-destination O
O O B-destination O O O O
O O O B-destination I-destination I-destination O O
O O O B-destination I-destination O O
O O O B-destination O O
O O O B-destination I-destination O O
O O O O B-destination I-destination I-destination I-destination I-destination I-destination O
O B-destination I-destination I-destination O O O O O O O
O O B-destination I-destination O O O O
O B-destination I-destination I-destination I-destination I-destination O O
B-destination I-destination O O O O
O O B-destination I-destination O O O O
O B-destination I-destination I-destination O O O O O O O
O B-destination I-destination I-destination I-destination I-destination O O
O O O O B-destination I-destination I-destination O
O B-destination I-destination I-destination I-destination I-destination O O O O O O O
O O O B-destination I-destination O O
O O O O O O O B-destination I-destination I-destination I-destination
O O B-destination I-destination
O O B-destination I-destination O O O O
O B-destination I-destination I-destination O O O O O O O
O O B-destination I-destination I-destination
O O B-cabin O B-name I-name I-name
O O O O O O O O B-cabin O B-name I-name I-name
O O B-destination I-destination
O O O O B-destination I-destination I-destination O O
O O O B-cabin O B-name I-name I-name
O O O B-cabin O B-name I-name I-name
O O O O O O O O O O O O O O O B-destination I-destination I-destination I-destination
O O B-cabin O B-name I-name I-name I-name
O O O O B-destination I-destination
O O B-cabin O B-name I-name I-name I-name
O O O B-destination I-destination
O O O B-cabin O B-name I-name I-name
O O O O B-destination I-destination
O O O O O B-cabin O B-name I-name I-name
O O O B-destination I-destination I-destination I-destination I-destination
O O O O O B-cabin O B-name I-name I-name I-name
O O O O B-destination I-destination I-destination I-destination I-destination O O
O O O O O B-cabin O B-name I-name I-name
O O O O O O O O O B-cabin O B-name I-name I-name I-name
O O B-destination I-destination I-destination
O O O O B-destination I-destination I-destination
O O O O B-destination I-destination
O O O O B-cabin O B-name I-name I-name I-name
O O O B-cabin O B-name I-name I-name I-name
O O O O B-cabin O B-name I-name I-name
O O O O B-cabin O B-name I-name I-name I-name
O O B-cabin O B-name I-name I-name I-name
O O O O B-destination I-destination I-destination
O O O O O B-destination I-destination
O O O O B-cabin O B-name I-name I-name
O O O O O O O B-cabin O B-name I-name I-name
O O O O B-cabin O B-name I-name I-name O O
O O O O B-cabin O B-name I-name I-name O O
O O O B-cabin O B-name I-name I-name I-name
O O O O O O O B-destination I-destination I-destination
O O O O B-cabin O B-name I-name I-name
O O B-destination I-destination I-destination I-destination
O O O B-destination I-destination
O O O O O B-destination I-destination I-destination I-destination I-destination
O O O O O O O B-cabin O B-name I-name I-name
O O O O O B-cabin O B-name I-name I-name
O O O O B-destination I-destination
O O B-destination I-destination O O
O O O O O O O O O O O O O O O B-destination I-destination I-destination
O O B-destination I-destination I-destination
O O O B-destination I-destination I-destination
O O O O O O O B-cabin O B-name I-name I-name I-name
O O O B-cabin O B-name I-name I-name
O O O O O B-destination I-destination
O O B-cabin O B-name I-name
O O O O B-cabin O B-name I-name I-name
O O O O O B-destination I-destination
O O O O B-cabin O B-name I-name I-name I-name
O O O O O O O O O O O O O O O B-cabin O B-name I-name I-name I-name
O O O O O B-destination I-destination I-destination I-destination
O O O O B-destination I-destination I-destination
O O O B-cabin O B-name I-name I-name
O O O O B-cabin O B-name I-name I-name I-name
O O O O O B-destination I-destination I-destination
O O O B-destination I-destination
O O B-destination I-destination
O O O B-cabin O B-name I-name I-name
O O O B-cabin O B-name I-name I-name
O O O O B-destination I-destination I-destination
O O B-cabin O B-name I-name I-name
O O O O B-cabin O B-name I-name I-name I-name
O O B-destination I-destination I-destination
O O B-destination I-destination I-destination I-destination O O O
O O O O B-destination I-destination I-destination
O O O O O B-cabin O B-name I-name I-name
O O O O O O O O B-destination I-destination I-destination
O O O O B-cabin O B-name I-name I-name O O
O O O B-destination I-destination I-destination
O O B-destination O O
O O O O B-cabin O B-name I-name
O O B-cabin O B-name I-name I-name I-name
O O O O B-cabin O B-name I-name I-name
O O O O O B-destination
O O O B-cabin O B-name I-name I-name
O O O O B-cabin O B-name I-name I-name I-name I-name
O O B-destination I-destination I-destination O O O
O O O O O O B-cabin O B-name I-name I-name
O O O B-cabin O B-name I-name I-name I-name
O O O O B-destination I-destination I-destination I-destination
O O O B-cabin O B-name I-name I-name I-name
O O O O B-cabin O B-name I-name I-name I-name
O O B-destination I-destination I-destination
O O O B-cabin O B-name I-name I-name I-name
O O O O O O O O O B-cabin O B-name I-name I-name
O O O O B-destination I-destination I-destination
O O O O B-cabin O B-name I-name I-name
O O O O O O O O O B-cabin O B-name I-name I-name I-name
O O O B-cabin O B-name I-name I-name I-name
O O B-cabin O B-name I-name I-name
O O O O O O O B-cabin O B-name I-name I-name I-name
O O O O B-cabin O B-name I-name I-name O O
O O O O O B-cabin O B-name I-name I-name I-name
O O O O O B-destination I-destination I-destination
O O O O O O O B-destination I-destination
O O O O O O O O O O O O O O O B-cabin O B-name I-name I-name I-name
O O O O O O O B-cabin O B-name I-name I-name
O O O O O O O O O B-cabin O B-name I-name I-name I-name
O O O B-destination I-destination
O O O O O O O O O B-cabin O B-name I-name I-name
O O B-cabin O B-name I-name I-name I-name
O O O O B-cabin O B-name I-name I-name I-name
O O B-cabin O B-name I-name I-name I-name
O O O O B-cabin O B-name I-name I-name I-name
O O O O O O O B-cabin O B-name I-name I-name I-name
O O B-cabin O B-name I-name I-name I-name
O O O B-destination I-destination I-destination O
O O O O O B-cabin O B-name I-name I-name
O O B-destination I-destination
O O B-destination I-destination I-destination O O
O O B-cabin O B-name I-name I-name O O O
O O O O B-destination O O
O O B-destination I-destination
O O O O B-cabin O B-name I-name I-name
O O O O B-cabin O B-name I-name I-name I-name I-name
O O O O B-cabin O B-name I-name I-name
O O B-cabin O B-name I-name I-name
O O O O O O O O O O O O O O O B-destination I-destination I-destination
O O O O O B-destination I-destination I-destination
O O O O O B-destination I-destination
O O O O O B-cabin O B-name I-name I-name
O O B-cabin O B-name I-name I-name
O O B-destination I-destination
O O O B-cabin O B-name I-name I-name I-name
O O O O O O O O O O O O O O O B-cabin O B-name I-name I-name
O O O O B-cabin O B-name I-name I-name
O O O O B-cabin O B-name I-name I-name O O
O O O O B-cabin O B-name I-name I-name I-name
O O O B-cabin O B-name I-name I-name I-name I-name O
O O O O O B-destination
O O O O O B-destination I-destination I-destination I-destination
O O O O B-destination I-destination
O O O O B-destination I-destination I-destination I-destination O O
O O O B-cabin O B-name I-name I-name
O O B-destination I-destination
O O O B-destination I-destination
O O O O B-destination I-destination
O O O O O B-cabin O B-name I-name I-name
O O O O B-destination I-destination
O O O O O B-cabin O B-name I-name I-name I-name I-name
O O B-destination I-destination
O O O O O O O O O O O O O O O B-cabin O B-name I-name I-name I-name
O O O O O B-cabin O B-name I-name I-name
O O O O B-cabin O B-name I-name I-name I-name
O O O O B-cabin O B-name I-name I-name
O O B-destination I-destination O O O
O O O B-destination I-destination O
O O O B-cabin O B-name I-name I-name I-name
O O O O O O O B-cabin O B-name I-name I-name
O O O B-cabin O B-name I-name I-name I-name
O O O B-cabin O B-name I-name I-name I-name
O O O O B-cabin O B-name I-name I-name I-name
O O O O B-cabin O B-name I-name I-name I-name
O O O B-destination I-destination
O O B-destination I-destination
O O O O O B-cabin O B-name I-name
O O O O O B-destination I-destination I-destination I-destination
O O O O O O O O O O O O O O O B-destination I-destination I-destination
O O O O O B-destination
O O O B-destination I-destination I-destination I-destination
O O O B-destination
O O O O B-destination I-destination
O O O O O O O B-cabin O B-name I-name I-name
O O O B-cabin O B-name I-name I-name
O O B-cabin O B-name I-name I-name
O O O O O O B-cabin O B-name I-name I-name
O O B-cabin O B-name I-name I-name
O O B-destination I-destination I-destination I-destination O O
O O O B-cabin O B-name I-name I-name O
O O B-cabin O B-name I-name I-name I-name
O O O O O O B-destination
O O B-destination I-destination I-destination O O
O O O O O O O B-cabin O B-name I-name I-name I-name
O O O O O O B-destination I-destination
O O O O B-destination I-destination I-destination
O O O O O B-cabin O B-name I-name I-name I-name
O O O O B-destination I-destination
O O B-destination I-destination I-destination
O O O O O B-cabin O B-name I-name I-name I-name
O O O B-cabin O B-name I-name I-name I-name
O O O O O B-cabin O B-name I-name I-name
O O O O O O O O O O O O O O O B-cabin O B-name I-name I-name I-name
O O O O B-cabin O B-name I-name I-name I-name
O O O O O O O O O B-destination I-destination I-destination
O O O O O O O B-cabin O B-name I-name I-name
O O O O O B-cabin O B-name I-name I-name
O O O B-cabin O B-name I-name I-name
O O O O O B-cabin O B-name I-name I-name
O O O O B-destination I-destination
O O O O O O O B-cabin O B-name I-name I-name
O O O O B-destination I-destination
O O O O O O O O O B-cabin O B-name I-name I-name
O O O O O O O B-destination I-destination I-destination I-destination
O O O B-destination I-destination I-destination
O O O O O B-destination I-destination
O O B-destination I-destination I-destination
O O O B-cabin O B-name I-name I-name O
O O O O O O B-destination I-destination I-destination
O O B-destination I-destination I-destination
O O B-destination I-destination I-destination O O O
O O O O O O O B-cabin O B-name I-name I-name
O O B-cabin O B-name I-name I-name I-name O O
O O O O O B-destination I-destination
O O B-cabin O B-name I-name I-name
O O O O B-destination I-destination O O
O O B-destination I-destination I-destination O O
O O O O B-cabin O B-name I-name I-name
O O B-cabin O B-name I-name I-name
O O O O B-destination
O O O O O B-destination I-destination
O O O O O B-cabin O B-name I-name I-name
O O O O O B-cabin O B-name I-name I-name
O O O B-destination I-destination I-destination I-destination
O O O O O O O O O B-cabin O B-name I-name I-name I-name
O O O B-destination I-destination I-destination
O O O B-destination I-destination
O O B-destination I-destination
O O O O O O O B-destination I-destination I-destination
O O B-cabin O B-name I-name I-name O O
O O O O B-cabin O B-name I-name I-name I-name
O O O O O O O B-destination I-destination I-destination I-destination I-destination
O O B-destination I-destination
O O O O O B-cabin O B-name I-name I-name
O O O B-destination I-destination O
O O O O B-destination I-destination
O O O O O O O O B-cabin O B-name I-name I-name I-name
O O O O O B-cabin O B-name I-name I-name
O O O B-cabin O B-name I-name I-name O
O O O B-cabin O B-name I-name I-name O
O O O O B-cabin O B-name I-name I-name I-name
O O B-cabin O B-name I-name I-name
O O B-destination I-destination
O O O O B-destination I-destination I-destination
O O O B-destination I-destination
O O O B-cabin O B-name I-name I-name
O O B-cabin O B-name I-name I-name
O O B-cabin O B-name I-name I-name I-name
O O O B-cabin O B-name I-name I-name
O O O B-destination I-destination I-destination
O O O O B-cabin O B-name I-name I-name
O O O O B-destination I-destination
O O B-cabin O B-name I-name I-name I-name
O O O O B-cabin O B-name I-name I-name I-name
O O O B-cabin O B-name I-name I-name
O O O B-destination I-destination O
O O O O B-destination I-destination I-destination I-destination
O O O O B-cabin O B-name I-name I-name I-name
O O O B-cabin O B-name I-name I-name
O O O B-destination I-destination I-destination
O O B-cabin O B-name I-name I-name
O O O O O O O O O B-cabin O B-name I-name I-name
O O O B-cabin O B-name I-name I-name I-name
O O O O O O O O O O O O O O O B-cabin O B-name I-name I-name
O O O O O O O B-cabin O B-name I-name I-name I-name
O O O O O O B-cabin O B-name I-name I-name I-name
O O O B-cabin O B-name I-name I-name
O O O B-cabin O B-name I-name I-name I-name
O O O O O O O O O O O O O O O B-cabin O B-name I-name I-name I-name
O O B-cabin O B-name I-name I-name O O O
O O B-destination I-destination
O O B-cabin O B-name I-name I-name O O
O O O O O O O B-cabin O B-name I-name I-name
O O B-cabin O B-name I-name I-name I-name
O O O O O B-cabin O B-name I-name I-name
O O O O B-cabin O B-name I-name I-name I-name
O O B-cabin O B-name I-name I-name O O
O O B-cabin O B-name I-name I-name
O O O O O O O B-destination I-destination I-destination
O O B-cabin O B-name I-name I-name I-name O O
O O O O O O O B-destination
O O B-cabin O B-name I-name I-name I-name
O O B-cabin O B-name I-name I-name O O O
O O O O O B-cabin O B-name I-name I-name
O O O O O O O B-destination I-destination I-destination
O O O O B-destination I-destination I-destination
O O O O B-cabin O B-name I-name I-name
O O O B-cabin O B-name I-name I-name O
O O O O O B-cabin O B-name I-name I-name
O O B-cabin O B-name I-name I-name O O
O O O O O B-cabin O B-name I-name I-name
O O B-cabin O B-name I-name I-name O O O
O O O O O O B-cabin O B-name I-name I-name
O O O O B-destination I-destination
O O O O O B-cabin O B-name I-name I-name
O O O O B-cabin O B-name I-name I-name
O O O O B-cabin O B-name I-name I-name O O
O O O B-destination I-destination I-destination I-destination I-destination
O O O O O O O B-cabin O B-name I-name I-name I-name
O O O O O B-destination I-destination I-destination
O O O O B-cabin O B-name I-name I-name I-name
O O O O B-destination I-destination O O
O O O O B-cabin O B-name I-name I-name I-name
O O O O O O O B-cabin O B-name I-name I-name
O O O B-destination I-destination
O O B-cabin O B-name I-name I-name I-name
O O O O O B-cabin O B-name I-name I-name
O O B-cabin O B-name I-name I-name I-name
O O O O O B-cabin O B-name I-name I-name I-name
O O O O B-cabin O B-name I-name I-name
O O O O B-cabin O B-name I-name I-name
O O O B-destination I-destination
O O O O O B-destination I-destination
O O B-cabin O B-name I-name I-name I-name
O O B-cabin O B-name I-name I-name I-name
O O B-destination I-destination O O O
O O O O O B-destination I-destination I-destination
O O O O B-cabin O B-name I-name I-name
O O B-cabin O B-name I-name I-name O O O
O O O O B-destination I-destination I-destination O O
O O O O O B-destination I-destination I-destination I-destination
O O O O O O O B-cabin O B-name I-name I-name I-name
O O O O O B-cabin O B-name I-name I-name
O O B-cabin O B-name I-name I-name I-name O O O
O O O O B-destination I-destination
O O O O B-destination I-destination
O O O B-cabin O B-name I-name I-name I-name
O O O O O O O B-destination I-destination
O O O O O O B-cabin O B-name I-name I-name
O O B-destination I-destination
O O B-cabin O B-name I-name I-name I-name O O O
O O O O B-cabin O B-name I-name I-name I-name
O O O O B-destination I-destination I-destination
O O B-cabin O B-name I-name I-name
O O O O O O O O O B-destination I-destination I-destination I-destination I-destination
O O O O B-cabin O B-name I-name I-name
O O O B-cabin O B-name I-name I-name
O O O B-destination I-destination I-destination
O O O O B-destination I-destination
O O O O O O O B-destination I-destination I-destination I-destination I-destination
O O O O B-destination I-destination
O O O O O B-destination I-destination
O O O O O B-cabin O B-name I-name I-name
O O O B-cabin O B-name I-name I-name I-name
O O O B-cabin O B-name I-name I-name
O O O O B-destination I-destination I-destination I-destination I-destination
O O O B-cabin O B-name I-name I-name
O O O O O O O O O B-cabin O B-name I-name I-name
O O O O O O O O B-destination I-destination
O O B-destination I-destination I-destination
O O O O O B-cabin O B-name I-name I-name
O O O O O O O B-destination I-destination
O O O O O O B-cabin O B-name I-name I-name
O O O O O B-cabin O B-name I-name I-name
O O B-cabin O B-name I-name I-name
O O O O B-cabin O B-name I-name I-name I-name
O O O O B-destination I-destination I-destination I-destination
O O O O B-destination I-destination
O O O O B-cabin O B-name I-name I-name I-name
O O O O O B-cabin O B-name I-name I-name
O O O B-cabin O B-name I-name I-name I-name
O O B-cabin O B-name I-name I-name I-name
O O O O O B-cabin O B-name I-name I-name
O O O B-destination I-destination I-destination
O O B-cabin O B-name I-name I-name
O O O O O O O B-destination I-destination I-destination
O O B-destination I-destination
O O O O B-cabin O B-name I-name I-name I-name
O O B-destination I-destination I-destination
O O B-cabin O B-name I-name I-name
O O O O O O O O B-destination I-destination
O O B-destination I-destination I-destination I-destination
O O B-destination I-destination I-destination O O
O O O O B-destination I-destination I-destination
O O O O O B-destination I-destination I-destination
O O O B-cabin O B-name I-name I-name
O O O O O O B-destination I-destination
O O O O O O O O O B-cabin O B-name I-name I-name I-name
O O O O O B-destination I-destination I-destination
O O O O O O O O B-destination I-destination
O O B-cabin O B-name I-name I-name
O O O O O B-cabin O B-name I-name I-name
O O O O O O O O O B-cabin O B-name I-name I-name
O O O O O O B-cabin O B-name I-name I-name
O O B-destination I-destination I-destination I-destination O O
O O O O O B-cabin O B-name I-name I-name I-name
O O O O B-cabin O B-name I-name I-name
O O O O B-cabin O B-name I-name I-name
O O O B-destination I-destination
O O O O O B-destination I-destination
O O O O B-destination I-destination O O
O O O O O O O B-destination I-destination
O O O O B-cabin O B-name I-name I-name I-name
O O O O O O O O O O O O O O O B-cabin O B-name I-name I-name I-name
O O B-destination I-destination I-destination
O O O O B-destination I-destination
O O O B-cabin O B-name I-name I-name
O O B-cabin O B-name I-name I-name I-name O O
O O O O O B-cabin O B-name I-name I-name
O O B-cabin O B-name I-name I-name
O O O O O O O B-cabin O B-name I-name I-name I-name
O O O O B-cabin O B-name I-name I-name
O O O O O O O O O O O O O O O B-destination I-destination I-destination
O O B-destination I-destination I-destination O O O
O O O B-cabin O B-name I-name I-name
O O O B-destination
O O O O O O O O O B-destination
O O O O O B-cabin O B-name I-name I-name
O O O O O O O B-destination I-destination
O O O O B-cabin O B-name I-name I-name I-name
O O B-cabin O B-name I-name I-name
O O O B-cabin O B-name I-name I-name
O O O O O B-destination I-destination I-destination
O O O O O O O O B-cabin O B-name I-name I-name I-name
O O O O B-cabin O B-name I-name I-name I-name
O O B-destination I-destination
O O O B-cabin O B-name I-name I-name
O O O O O B-cabin O B-name I-name I-name
O O O O O B-cabin O B-name I-name I-name
O O O B-destination I-destination
O O O O B-destination I-destination
O O B-cabin O B-name I-name I-name I-name
O O O B-cabin O B-name I-name I-name I-name
O O O O B-destination
O O B-destination I-destination I-destination O O
O O B-destination I-destination I-destination I-destination I-destination
O O O O B-destination I-destination I-destination
O O O O O B-destination I-destination I-destination
O O O O O O O O O B-destination I-destination
O O O O B-cabin O B-name I-name I-name
O O O O O O O O O O O O O O O B-cabin O B-name I-name I-name I-name I-name
O O B-cabin O B-name I-name I-name I-name
O O O O O O O B-destination I-destination
O O O O O B-destination I-destination
O O B-cabin O B-name I-name I-name
O O O O O B-cabin O B-name I-name I-name I-name
O O B-destination I-destination
O O O O O O O B-cabin O B-name I-name I-name I-name
O O O O O O O B-destination I-destination
O O O O B-cabin O B-name I-name I-name I-name
O O O O O O B-cabin O B-name I-name I-name I-name
O O O O O O O B-cabin O B-name I-name I-name
O O O O O O O O O B-destination I-destination I-destination
O O O O O O O O O B-destination I-destination I-destination
O O O O O O B-cabin O B-name I-name I-name
O O B-destination I-destination
O O B-cabin O B-name I-name I-name O O O
O O O O O O O B-destination I-destination
O O O O O O O B-destination I-destination
O O O O O O O B-cabin O B-name I-name I-name I-name
O O O O B-destination I-destination I-destination O O
O O O O O B-cabin O B-name I-name I-name I-name
O O O O B-cabin O B-name I-name I-name I-name
O O O B-destination I-destination I-destination
O O B-cabin O B-name I-name I-name
O O O O O O O O O B-destination I-destination
O O O O O B-cabin O B-name I-name I-name
O O B-cabin O B-name I-name I-name I-name
O O O O O B-destination I-destination
O O B-destination I-destination O O
O O O O B-cabin O B-name I-name I-name I-name
O O O O O B-destination I-destination I-destination
O O O O O O O O B-destination I-destination I-destination I-destination
O O O B-cabin O B-name I-name I-name I-name
O O O O O O O B-cabin O B-name I-name I-name I-name
O O B-cabin O B-name I-name I-name I-name
O O O O O B-cabin O B-name I-name I-name
O O O O B-cabin O B-name I-name I-name I-name
O O O O O O O O B-cabin O B-name I-name I-name
O O B-destination
O O O O O O O B-destination I-destination I-destination
O O B-destination I-destination I-destination O O
O O O O O O O B-cabin O B-name I-name I-name
O O O O B-destination I-destination
O O O O B-cabin O B-name I-name I-name
O O O O O O B-cabin O B-name I-name I-name
O O O B-cabin O B-name I-name I-name I-name
O O B-destination I-destination
O O B-cabin O B-name I-name I-name
O O O O O B-destination I-destination
O O O B-destination I-destination I-destination
O O O B-cabin O B-name I-name I-name
O O O O B-cabin O B-name I-name I-name I-name
O O O O B-destination I-destination I-destination I-destination
O O O O O B-cabin O B-name I-name I-name
O O O O O O B-cabin O B-name I-name I-name
O O O O O O B-cabin O B-name I-name I-name
O O O O O O O B-cabin O B-name I-name I-name
O O O O O B-cabin O B-name I-name I-name I-name
O O O O B-cabin O B-name I-name I-name
O O O B-destination I-destination I-destination I-destination
O O O O B-destination I-destination
O O O B-cabin O B-name I-name I-name
O O O O O B-cabin O B-name I-name I-name
O O B-destination I-destination O O O
O O O O O B-cabin O B-name I-name I-name
O O O O O O B-destination I-destination I-destination I-destination
O O O O B-destination I-destination I-destination
O O O O B-cabin O B-name I-name I-name I-name
O O O O O O O B-destination
O O O O O B-cabin O B-name I-name I-name
O O O O O B-destination I-destination I-destination I-destination
O O O O B-destination I-destination I-destination
O O O O O O O B-destination I-destination
O O B-destination I-destination O O O
O O O O O B-cabin O B-name I-name I-name
O O O O B-destination I-destination I-destination
O O B-destination I-destination I-destination I-destination I-destination
